[backblue.gif]
[fade.gif]
[index.html]
[localhost/Template3/wp-json/oembed/1.0/embed441d.json]
[localhost/Template3/feed/index.html]
[localhost/Template3/comments/feed/index.html]
[localhost/Template3/wp-json/oembed/1.0/embed78a2]
[localhost/Template3/wp-includes/js/jquery/jquery.minf43b.js]
[localhost/Template3/wp-includes/js/jquery/jquery-migrate.min5589.js]
[localhost/Template3/wp-content/plugins/elementor/assets/lib/font-awesome/js/v4-shims.min418a.js]
[localhost/Template3/wp-content/plugins/sticky-header-effects-for-elementor/assets/js/she-headercc91.js]
[localhost/Template3/wp-json/wp/v2/pages/7.json]
[localhost/Template3/wp-json/index.html]
[localhost/Template3/xmlrpc0db0.php]
[localhost/Template3/wp-content/uploads/2026/03/Gemini_Generated_Image_20wkj20wkj20wkj2-1.png]
[localhost/Template3/wp-content/uploads/2026/03/Gemini_Generated_Image_hxaocz000000000.png]
[localhost/Template3/wp-content/uploads/2026/03/WhatsApp-Image-2026-03-14-at-22.27.00-1024x768.jpg]
[localhost/Template3/wp-content/uploads/2026/03/5e83565d00b4e4cb814b5143_5d077507b6e7f85ec05b5577_3D-Artists-The-Differences-Between-Working-in-Architecture2C-and-Other-Niches-EASY-RENDER-1024x684.jpg]
[localhost/Template3/wp-content/uploads/2026/03/WhatsApp-Image-2026-03-14-at-22.27.46.jpg]
[localhost/Template3/wp-content/uploads/2026/03/WhatsApp-Image-2026-03-14-at-22.27.30000.jpg]
[localhost/Template3/wp-content/uploads/2026/03/9898.png]
[localhost/Template3/wp-content/uploads/2026/03/WhatsApp-Image-2019-09-04-at-05.12.19_11zon.jpg]
[localhost/Template3/wp-content/uploads/2026/03/keren-perubahan-ruang-tamu-di-eropa-dalam-600-tahun-11_169.jpg]
[localhost/Template3/wp-content/uploads/2026/03/WhatsApp-Image-2026-03-14-at-22.41.41.jpg]
[localhost/Template3/wp-content/uploads/2026/03/Gemini_Generated_Image_qzakqvqzakqvqzak-1-1.png]
[localhost/Template3/wp-content/uploads/2026/03/Creative-1.jpg]
[localhost/Template3/wp-content/uploads/2026/03/Creative-2.jpg]
[localhost/Template3/wp-content/uploads/2026/03/Creative-3.jpg]
[localhost/Template3/wp-content/uploads/2026/03/arsitektur.jpg]
[localhost/Template3/wp-content/uploads/2026/03/architect.original.jpg]
[localhost/Template3/wp-content/uploads/2026/03/depositphotos_320631952-stock-photo-modern-european-building-white-building.webp]
[localhost/Template3/wp-content/uploads/2026/03/deconstructivism.jpg]
[localhost/Template3/wp-content/uploads/2026/03/experince-women.png]
[localhost/Template3/wp-content/uploads/2026/03/bonnie.png]
[localhost/Template3/wp-content/uploads/2026/03/1c93f1a39b58450bfa31af3148e75010.png]
[localhost/Template3/wp-content/uploads/2026/03/d2780984d87c24935be7b613471d0847.png]
[localhost/Template3/wp-content/uploads/2026/03/Emily-Johnson.png]
[localhost/Template3/wp-content/uploads/2026/03/David-Thompson.jpg]
[localhost/Template3/wp-content/uploads/2026/03/6811b445fe9ff2a4b1a3ce5a99d3a9e3.png]
[localhost/Template3/wp-content/uploads/2026/03/c98b35ec1088ca695f6e2e0f7eac5dde.png]
[localhost/Template3/wp-content/plugins/the-plus-addons-for-elementor-page-builder/assets/js/extra/imagesloaded.pkgd.mine434.js]
[localhost/Template3/wp-content/plugins/the-plus-addons-for-elementor-page-builder/assets/js/extra/isotope.pkgde434.js]
[localhost/Template3/wp-content/plugins/the-plus-addons-for-elementor-page-builder/assets/js/extra/packery-mode.pkgd.mine434.js]
[localhost/Template3/wp-content/plugins/the-plus-addons-for-elementor-page-builder/assets/js/main/plus-form/plus-form-widget.mine434.js]
[localhost/Template3/wp-content/plugins/the-plus-addons-for-elementor-page-builder/assets/js/main/stylist-list/plus-stylist-list.mine434.js]
[localhost/Template3/wp-content/plugins/the-plus-addons-for-elementor-page-builder/assets/js/main/navigation-menu-lite/plus-nav-menu-lite.mine434.js]
[localhost/Template3/wp-content/plugins/the-plus-addons-for-elementor-page-builder/assets/js/extra/numscrollere434.js]
[localhost/Template3/wp-content/plugins/the-plus-addons-for-elementor-page-builder/assets/js/main/posts-listing/plus-posts-listing.mine434.js]
[localhost/Template3/wp-content/plugins/elementor/assets/js/webpack.runtime.min418a.js]
[localhost/Template3/wp-content/plugins/elementor/assets/js/frontend-modules.min418a.js]
[localhost/Template3/wp-includes/js/jquery/ui/core.minb37e.js]
[localhost/Template3/wp-content/plugins/elementor/assets/js/frontend.min418a.js]
[localhost/Template3/wp-content/plugins/elementor/assets/lib/swiper/v8/swiper.min94a4.js]
[localhost/Template3/wp-content/plugins/royal-elementor-addons/assets/js/lib/particles/particles7c45.js]
[localhost/Template3/wp-content/plugins/royal-elementor-addons/assets/js/lib/jarallax/jarallax.minf184.js]
[localhost/Template3/wp-content/plugins/royal-elementor-addons/assets/js/lib/parallax/parallax.min5152.js]
[localhost/Template3/wp-content/themes/hello-elementor/assets/js/hello-frontend9bf7.js]
[localhost/Template3/wp-content/plugins/the-plus-addons-for-elementor-page-builder/modules/extensions/equal-height/plus-equal-height.mine434.js]
[localhost/Template3/wp-content/plugins/royal-elementor-addons/assets/js/lib/dompurify/dompurify.min7c45.js]
[localhost/Template3/wp-content/plugins/royal-elementor-addons/assets/js/frontend.min5bb8.js]
[localhost/Template3/wp-content/plugins/royal-elementor-addons/assets/js/modal-popups.min5bb8.js]
[localhost/Template3/index.html]
[localhost/Template3/wp-admin/admin-ajax.html]
[localhost/Template3/wp-admin/admin-post.html]
[localhost/Template3/wp-content/plugins/header-footer-elementor/inc/widgets-css/frontend42e1.css]
[localhost/Template3/wp-content/plugins/header-footer-elementor/assets/css/header-footer-elementor42e1.css]
[localhost/Template3/wp-content/plugins/the-plus-addons-for-elementor-page-builder/assets/css/main/plus-extra-adv/plus-extra-adv.mine434.css]
[localhost/Template3/wp-content/plugins/the-plus-addons-for-elementor-page-builder/assets/css/main/block-quote/plus-block-quotee434.css]
[localhost/Template3/wp-content/plugins/the-plus-addons-for-elementor-page-builder/assets/css/main/tp-button/tp-button-stylee434.css]
[localhost/Template3/wp-content/plugins/the-plus-addons-for-elementor-page-builder/assets/css/main/tp-button/tp-button-style-8e434.css]
[localhost/Template3/wp-content/plugins/the-plus-addons-for-elementor-page-builder/assets/css/main/plus-form/plus-form-widget.mine434.css]
[localhost/Template3/wp-content/plugins/the-plus-addons-for-elementor-page-builder/assets/css/main/stylist-list/plus-style-liste434.css]
[localhost/Template3/wp-content/plugins/the-plus-addons-for-elementor-page-builder/assets/css/main/heading-title/plus-ht-stylee434.css]
[localhost/Template3/wp-content/plugins/the-plus-addons-for-elementor-page-builder/assets/css/main/heading-title/plus-ht-style-2e434.css]
[localhost/Template3/wp-content/plugins/the-plus-addons-for-elementor-page-builder/assets/css/main/info-box/plus-infobox-stylee434.css]
[localhost/Template3/wp-content/plugins/the-plus-addons-for-elementor-page-builder/assets/css/main/info-box/plus-infobox-style-1e434.css]
[localhost/Template3/wp-content/plugins/the-plus-addons-for-elementor-page-builder/assets/css/main/info-box/plus-infobox-style-3e434.css]
[localhost/Template3/wp-content/plugins/the-plus-addons-for-elementor-page-builder/assets/css/main/navigation-menu-lite/plus-nav-menu-lite.mine434.css]
[localhost/Template3/wp-content/plugins/the-plus-addons-for-elementor-page-builder/assets/css/main/number-counter/plus-nce434.css]
[localhost/Template3/wp-content/plugins/the-plus-addons-for-elementor-page-builder/assets/css/main/number-counter/plus-nc-style-1e434.css]
[localhost/Template3/wp-content/plugins/the-plus-addons-for-elementor-page-builder/assets/css/main/number-counter/plus-nc-style-2e434.css]
[localhost/Template3/wp-content/plugins/the-plus-addons-for-elementor-page-builder/assets/css/extra/tp-bootstrap-gride434.css]
[localhost/Template3/wp-content/plugins/the-plus-addons-for-elementor-page-builder/assets/css/main/team-member-list/plus-team-member-stylee434.css]
[localhost/Template3/wp-content/plugins/the-plus-addons-for-elementor-page-builder/assets/css/main/team-member-list/plus-team-member-style-1e434.css]
[localhost/Template3/wp-content/plugins/the-plus-addons-for-elementor-page-builder/assets/css/main/plus-extra-adv/plus-alignmnete434.css]
[localhost/Template3/wp-content/plugins/the-plus-addons-for-elementor-page-builder/assets/css/main/plus-extra-adv/plus-temp-noticee434.css]
[localhost/Template3/wp-content/plugins/elementor/assets/lib/eicons/fonts/eiconse34b.eot]
[localhost/Template3/wp-content/plugins/elementor/assets/lib/eicons/fonts/eiconse34b.woff2]
[localhost/Template3/wp-content/plugins/elementor/assets/lib/eicons/fonts/eiconse34b.woff]
[localhost/Template3/wp-content/plugins/elementor/assets/lib/eicons/fonts/eiconse34b.ttf]
[localhost/Template3/wp-content/plugins/elementor/assets/lib/eicons/css/elementor-icons.min7f15.css]
[localhost/Template3/wp-content/plugins/elementor/assets/css/frontend.min418a.css]
[localhost/Template3/wp-content/uploads/elementor/css/post-6c0b5.css]
[localhost/Template3/wp-content/plugins/elementor/assets/lib/font-awesome/webfonts/fa-brands-400.eot]
[localhost/Template3/wp-content/plugins/elementor/assets/lib/font-awesome/webfonts/fa-brands-400d41d.eot]
[localhost/Template3/wp-content/plugins/elementor/assets/lib/font-awesome/webfonts/fa-brands-400.woff2]
[localhost/Template3/wp-content/plugins/elementor/assets/lib/font-awesome/webfonts/fa-brands-400.woff]
[localhost/Template3/wp-content/plugins/elementor/assets/lib/font-awesome/webfonts/fa-brands-400.ttf]
[localhost/Template3/wp-content/plugins/elementor/assets/lib/font-awesome/webfonts/fa-regular-400.eot]
[localhost/Template3/wp-content/plugins/elementor/assets/lib/font-awesome/webfonts/fa-regular-400.woff2]
[localhost/Template3/wp-content/plugins/elementor/assets/lib/font-awesome/webfonts/fa-regular-400.woff]
[localhost/Template3/wp-content/plugins/elementor/assets/lib/font-awesome/webfonts/fa-regular-400d41d.eot]
[localhost/Template3/wp-content/plugins/elementor/assets/lib/font-awesome/webfonts/fa-regular-400.ttf]
[localhost/Template3/wp-content/plugins/elementor/assets/lib/font-awesome/webfonts/fa-solid-900.eot]
[localhost/Template3/wp-content/plugins/elementor/assets/lib/font-awesome/webfonts/fa-solid-900.woff2]
[localhost/Template3/wp-content/plugins/elementor/assets/lib/font-awesome/webfonts/fa-solid-900d41d.eot]
[localhost/Template3/wp-content/plugins/elementor/assets/lib/font-awesome/webfonts/fa-solid-900.woff]
[localhost/Template3/wp-content/plugins/elementor/assets/lib/font-awesome/webfonts/fa-solid-900.ttf]
[localhost/Template3/wp-content/plugins/elementor/assets/lib/font-awesome/css/all.min418a.css]
[localhost/Template3/wp-content/plugins/elementor/assets/lib/font-awesome/css/v4-shims.min418a.css]
[localhost/Template3/wp-content/plugins/sticky-header-effects-for-elementor/assets/css/she-header-stylecc91.css]
[localhost/Template3/wp-content/plugins/elementor/assets/css/widget-image.min418a.css]
[localhost/Template3/wp-content/plugins/elementor/assets/css/widget-heading.min418a.css]
[localhost/Template3/wp-content/plugins/elementor/assets/lib/swiper/v8/css/swiper.min94a4.css]
[localhost/Template3/wp-content/plugins/elementor/assets/css/conditionals/e-swiper.min418a.css]
[localhost/Template3/wp-content/plugins/elementor/assets/css/widget-image-carousel.min418a.css]
[localhost/Template3/wp-content/plugins/elementor/assets/css/widget-icon-list.min418a.css]
[localhost/Template3/wp-content/plugins/elementor/assets/lib/animations/styles/fadeIn.min418a.css]
[localhost/Template3/wp-content/plugins/elementor/assets/css/widget-testimonial.min418a.css]
[localhost/Template3/wp-content/uploads/2026/03/1709344628_gambarutama.jpg]
[localhost/Template3/wp-content/uploads/2026/03/work.jpg]
[localhost/Template3/wp-content/uploads/elementor/css/post-7552b.css]
[localhost/Template3/wp-content/themes/hello-elementor/assets/css/reset9bf7.css]
[localhost/Template3/wp-content/themes/hello-elementor/assets/css/theme9bf7.css]
[localhost/Template3/wp-content/themes/hello-elementor/assets/css/header-footer9bf7.css]
[localhost/Template3/wp-content/plugins/elementor/assets/lib/eicons/css/elementor-icons.min705c.css]
[localhost/Template3/wp-content/plugins/elementor/assets/css/widget-icon-list.min44b4.css]
[localhost/Template3/wp-content/plugins/elementor/assets/css/widget-social-icons.min2401.css]
[localhost/Template3/wp-content/plugins/elementor/assets/lib/font-awesome/css/brands52d5.css]
[localhost/Template3/wp-content/plugins/elementor/assets/lib/font-awesome/css/fontawesome52d5.css]
[localhost/Template3/wp-content/plugins/elementor/assets/lib/font-awesome/css/solid52d5.css]
[localhost/Template3/wp-content/plugins/royal-elementor-addons/assets/css/lib/animations/text-animations.min5bb8.css]
[localhost/Template3/wp-content/plugins/royal-elementor-addons/assets/css/frontend.min5bb8.css]
[localhost/Template3/wp-content/plugins/elementor/assets/lib/font-awesome/css/fontawesome.min52d5.css]
[localhost/Template3/wp-content/plugins/elementor/assets/lib/font-awesome/css/solid.min52d5.css]
[localhost/Template3/wp-json/oembed/1.0/embedc33b.json]
[localhost/Template3/wp-json/oembed/1.0/embed9814]
[localhost/Template3/wp-json/wp/v2/pages/658.json]
[localhost/Template3/wp-content/uploads/2026/03/materials112.jpg]
[localhost/Template3/wp-content/uploads/2026/03/istockphoto-2190098690-612x612-1.png]
[localhost/Template3/wp-content/uploads/2026/03/modern-sofa.jpg]
[localhost/Template3/wp-content/uploads/2026/03/istockphoto-543331370-612x612-1.png]
[localhost/Template3/wp-content/uploads/2026/03/Foto-2-Terravia-Belova-Classic.png]
[localhost/Template3/wp-content/uploads/2026/03/4237091036_46cd6b4c9e_z-1.png]
[localhost/Template3/wp-content/uploads/2026/03/team-imahe.png]
[localhost/Template3/wp-content/uploads/2026/03/BEFORE.png]
[localhost/Template3/wp-content/uploads/2026/03/AFTER.png]
[localhost/Template3/wp-content/uploads/2026/03/ilustrasi-pekerja-perempuan_11.png]
[localhost/Template3/wp-content/uploads/2026/03/pngtree-engineer-worker-in-the-daytime-male-worker-image_784947.jpg]
[localhost/Template3/wp-content/uploads/2026/03/Artikel-15-1024x683-1.jpg]
[localhost/Template3/wp-content/plugins/the-plus-addons-for-elementor-page-builder/assets/js/extra/slick.mine434.js]
[localhost/Template3/wp-content/plugins/the-plus-addons-for-elementor-page-builder/assets/js/main/general/plus-slick-carousel.mine434.js]
[localhost/Template3/wp-content/plugins/the-plus-addons-for-elementor-page-builder/assets/js/main/testimonial/plus-testimonial.mine434.js]
[localhost/Template3/blog/index.html]
[localhost/Template3/wp-content/uploads/2026/03/d35744173334eb685e753c5081e210c9.svg]
[localhost/Template3/wp-content/uploads/2026/03/0644eef192d0a50080e96340b3a495cb.svg]
[localhost/Template3/wp-content/uploads/2026/03/3d906996d7f5a4b1f9b8b2b796fa72a3.svg]
[localhost/Template3/wp-content/plugins/the-plus-addons-for-elementor-page-builder/assets/css/plugins/the-plus-addons-for-elementor-page-builder/assets/images/info-box/hexagon-shape.html]
[localhost/Template3/wp-content/plugins/the-plus-addons-for-elementor-page-builder/assets/css/plugins/the-plus-addons-for-elementor-page-builder/assets/images/info-box/pentagon-shape.html]
[localhost/Template3/wp-content/plugins/the-plus-addons-for-elementor-page-builder/assets/css/plugins/the-plus-addons-for-elementor-page-builder/assets/images/info-box/square-rotate.html]
[localhost/Template3/wp-content/plugins/elementor/assets/lib/eicons/fonts/eiconse34b.svg]
[localhost/Template3/wp-content/plugins/elementor/assets/lib/font-awesome/webfonts/fa-brands-400.svg]
[localhost/Template3/wp-content/plugins/elementor/assets/lib/font-awesome/webfonts/fa-regular-400.svg]
[localhost/Template3/wp-content/plugins/elementor/assets/lib/font-awesome/webfonts/fa-solid-900.svg]
[localhost/Template3/wp-content/plugins/the-plus-addons-for-elementor-page-builder/assets/css/main/text-block/tp-text-blocke434.css]
[localhost/Template3/wp-content/plugins/the-plus-addons-for-elementor-page-builder/assets/css/extra/slick.mine434.css]
[localhost/Template3/wp-content/plugins/the-plus-addons-for-elementor-page-builder/assets/css/main/testimonial/plus-testimoniale434.css]
[localhost/Template3/wp-content/plugins/the-plus-addons-for-elementor-page-builder/assets/css/main/testimonial/plus-ts2e434.css]
[localhost/Template3/wp-content/uploads/2026/03/BG-Image2.png]
[localhost/Template3/wp-content/uploads/2026/03/kopi.webp]
[localhost/Template3/wp-content/uploads/2026/03/placeholder-115.png]
[localhost/Template3/wp-content/uploads/elementor/css/post-658e534.css]
[localhost/Template3/indexc9c1.html]
[localhost/Template3/wp-content/plugins/the-plus-addons-for-elementor-page-builder/assets/svg/testimonial-mask.svg]
